▿ DefaultRecordSource
  - deletedRecordIDs: 0 members
  ▿ records: 1 key/value pair
    ▿ (2 elements)
      ▿ key: DataID
        - rawValue: "client:root"
      ▿ value: Record
        ▿ dataID: DataID
          - rawValue: "client:root"
        - fields: 0 key/value pairs
        - typename: "__Root"
