{
  "deletedRecordIDs" : [

  ],
  "records" : {
    "client:root" : {
      "dataID" : "client:root",
      "fields" : {

      },
      "typename" : "__Root"
    }
  }
}