▿ Optional<Data>
  ▿ some: Data
    - fragment_MoviesList_films: FragmentPointer(variables: , id: client:root, ownerIdentifier: "query MoviesTabQuery {\n  ...MoviesList_films\n}\n\nfragment MoviesListRow_film on Film {\n  id\n  episodeID\n  title\n  director\n  releaseDate\n}\n\nfragment MoviesList_films on Root {\n  allFilms(first: 3) {\n    edges {\n      node {\n        id\n        ...MoviesListRow_film\n        __typename\n      }\n      cursor\n    }\n    pageInfo {\n      endCursor\n      hasNextPage\n    }\n  }\n}", ownerVariables: )
