▿ Optional<Data>
  ▿ some: Data
    - complete: false
    - id: "VG9kbzox"
    - text: "Buy a unicorn"
