▿ Optional<Data>
  ▿ some: Data
    - complete: true
    - id: "VG9kbzox"
    - text: "Buy a unicorn"
