▿ Data
  ▿ name: Optional<String>
    - some: "Ivysaur"
  ▿ number: Optional<String>
    - some: "002"
