▿ Optional<Data>
  ▿ some: Data
    ▿ pokemons: Optional<Array<Optional<Pokemon_pokemons>>>
      ▿ some: 3 elements
        ▿ Optional<Pokemon_pokemons>
          ▿ some: Pokemon_pokemons
            - __typename: "Pokemon"
            - fragment_PokemonListRow_pokemon: FragmentPointer(variables: , id: Relay.DataID(rawValue: "UG9rZW1vbjowMDE="), ownerIdentifier: "query PokemonListQuery {\n  pokemons(first: 50) {\n    __typename\n    id\n    name\n    ...PokemonListRow_pokemon\n  }\n}\n\nfragment PokemonListRow_pokemon on Pokemon {\n  name\n  number\n}", ownerVariables: )
            - id: "UG9rZW1vbjowMDE="
            ▿ name: Optional<String>
              - some: "Bulbasaur"
        ▿ Optional<Pokemon_pokemons>
          ▿ some: Pokemon_pokemons
            - __typename: "Pokemon"
            - fragment_PokemonListRow_pokemon: FragmentPointer(variables: , id: Relay.DataID(rawValue: "UG9rZW1vbjowMDI="), ownerIdentifier: "query PokemonListQuery {\n  pokemons(first: 50) {\n    __typename\n    id\n    name\n    ...PokemonListRow_pokemon\n  }\n}\n\nfragment PokemonListRow_pokemon on Pokemon {\n  name\n  number\n}", ownerVariables: )
            - id: "UG9rZW1vbjowMDI="
            ▿ name: Optional<String>
              - some: "Ivysaur"
        ▿ Optional<Pokemon_pokemons>
          ▿ some: Pokemon_pokemons
            - __typename: "Pokemon"
            - fragment_PokemonListRow_pokemon: FragmentPointer(variables: , id: Relay.DataID(rawValue: "UG9rZW1vbjowMDM="), ownerIdentifier: "query PokemonListQuery {\n  pokemons(first: 50) {\n    __typename\n    id\n    name\n    ...PokemonListRow_pokemon\n  }\n}\n\nfragment PokemonListRow_pokemon on Pokemon {\n  name\n  number\n}", ownerVariables: )
            - id: "UG9rZW1vbjowMDM="
            ▿ name: Optional<String>
              - some: "Venusaur"
