▿ DefaultRecordSource
  - deletedRecordIDs: 0 members
  ▿ records: 1 key/value pair
    ▿ (2 elements)
      ▿ key: DataID
        - rawValue: "record_123"
      ▿ value: Record
        ▿ dataID: DataID
          - rawValue: "record_123"
        ▿ fields: 2 key/value pairs
          ▿ (2 elements)
            - key: "episodeID"
            ▿ value: Value
              - int: 7
          ▿ (2 elements)
            - key: "title"
            ▿ value: Value
              - string: "The Force Awakens"
        - typename: "Film"
