▿ DefaultRecordSource
  - deletedRecordIDs: 0 members
  ▿ records: 1 key/value pair
    ▿ (2 elements)
      ▿ key: DataID
        - rawValue: "ZmlsbXM6Mg=="
      ▿ value: Record
        ▿ dataID: DataID
          - rawValue: "ZmlsbXM6Mg=="
        ▿ fields: 1 key/value pair
          ▿ (2 elements)
            - key: "director"
            ▿ value: Value
              - string: "Some Other Guy"
        - typename: "Film"
