▿ DefaultRecordSource
  - deletedRecordIDs: 0 members
  ▿ records: 2 key/value pairs
    ▿ (2 elements)
      ▿ key: DataID
        - rawValue: "char_Leia"
      ▿ value: Record
        ▿ dataID: DataID
          - rawValue: "char_Leia"
        ▿ fields: 2 key/value pairs
          ▿ (2 elements)
            - key: "homeworld"
            ▿ value: Value
              ▿ linkedRecord: DataID
                - rawValue: "client:char_Leia:homeworld"
          ▿ (2 elements)
            - key: "name"
            ▿ value: Value
              - string: "Leia Organa"
        - typename: "Person"
    ▿ (2 elements)
      ▿ key: DataID
        - rawValue: "client:char_Leia:homeworld"
      ▿ value: Record
        ▿ dataID: DataID
          - rawValue: "client:char_Leia:homeworld"
        ▿ fields: 1 key/value pair
          ▿ (2 elements)
            - key: "name"
            ▿ value: Value
              - string: "Alderaan"
        - typename: "Planet"
