▿ DefaultRecordSource
  ▿ deletedRecordIDs: 1 member
    ▿ DataID
      - rawValue: "ZmlsbXM6Mg=="
  - records: 0 key/value pairs
