{
  "deletedRecordIDs" : [
    "ZmlsbXM6Mg=="
  ],
  "records" : {

  }
}