▿ DefaultRecordSource
  - deletedRecordIDs: 0 members
  ▿ records: 1 key/value pair
    ▿ (2 elements)
      ▿ key: DataID
        - rawValue: "client:root:__MoviesList_allFilms_connection"
      ▿ value: Record
        ▿ dataID: DataID
          - rawValue: "client:root:__MoviesList_allFilms_connection"
        ▿ fields: 1 key/value pair
          ▿ (2 elements)
            - key: "edges"
            ▿ value: Value
              ▿ linkedRecords: 2 elements
                ▿ Optional<DataID>
                  ▿ some: DataID
                    - rawValue: "client:root:__MoviesList_allFilms_connection:edges:3"
                ▿ Optional<DataID>
                  ▿ some: DataID
                    - rawValue: "client:root:__MoviesList_allFilms_connection:edges:4"
        - typename: "FilmsConnection"
