{
  "deletedRecordIDs" : [

  ],
  "records" : {
    "client:root" : {
      "dataID" : "client:root",
      "fields" : {
        "currentTrip" : {
          "__type" : "null"
        }
      },
      "typename" : "__Root"
    }
  }
}