▿ Optional<Data>
  ▿ some: Data
    ▿ changeTodoStatus: Optional<ChangeTodoStatusPayload_changeTodoStatus>
      ▿ some: ChangeTodoStatusPayload_changeTodoStatus
        ▿ todo: Todo_todo
          - complete: true
          - id: "VG9kbzox"
