▿ DefaultRecordSource
  - deletedRecordIDs: 0 members
  ▿ records: 8 key/value pairs
    ▿ (2 elements)
      ▿ key: DataID
        - rawValue: "VG9kbzow"
      ▿ value: Record
        ▿ dataID: DataID
          - rawValue: "VG9kbzow"
        ▿ fields: 3 key/value pairs
          ▿ (2 elements)
            - key: "complete"
            ▿ value: Value
              - int: 1
          ▿ (2 elements)
            - key: "id"
            ▿ value: Value
              - string: "VG9kbzow"
          ▿ (2 elements)
            - key: "text"
            ▿ value: Value
              - string: "Taste JavaScript"
        - typename: "Todo"
    ▿ (2 elements)
      ▿ key: DataID
        - rawValue: "VG9kbzox"
      ▿ value: Record
        ▿ dataID: DataID
          - rawValue: "VG9kbzox"
        ▿ fields: 3 key/value pairs
          ▿ (2 elements)
            - key: "complete"
            ▿ value: Value
              - int: 1
          ▿ (2 elements)
            - key: "id"
            ▿ value: Value
              - string: "VG9kbzox"
          ▿ (2 elements)
            - key: "text"
            ▿ value: Value
              - string: "Buy a unicorn"
        - typename: "Todo"
    ▿ (2 elements)
      ▿ key: DataID
        - rawValue: "VXNlcjptZQ=="
      ▿ value: Record
        ▿ dataID: DataID
          - rawValue: "VXNlcjptZQ=="
        ▿ fields: 2 key/value pairs
          ▿ (2 elements)
            - key: "id"
            ▿ value: Value
              - string: "VXNlcjptZQ=="
          ▿ (2 elements)
            - key: "todos(first:100)"
            ▿ value: Value
              ▿ linkedRecord: DataID
                - rawValue: "client:local:0"
        - typename: "User"
    ▿ (2 elements)
      ▿ key: DataID
        - rawValue: "client:local:0"
      ▿ value: Record
        ▿ dataID: DataID
          - rawValue: "client:local:0"
        ▿ fields: 1 key/value pair
          ▿ (2 elements)
            - key: "edges"
            ▿ value: Value
              ▿ linkedRecords: 2 elements
                ▿ Optional<DataID>
                  ▿ some: DataID
                    - rawValue: "client:local:2"
                ▿ Optional<DataID>
                  ▿ some: DataID
                    - rawValue: "client:local:3"
        - typename: "TodoConnection"
    ▿ (2 elements)
      ▿ key: DataID
        - rawValue: "client:local:1"
      ▿ value: Record
        ▿ dataID: DataID
          - rawValue: "client:local:1"
        ▿ fields: 1 key/value pair
          ▿ (2 elements)
            - key: "todo"
            ▿ value: Value
              ▿ linkedRecord: DataID
                - rawValue: "VG9kbzox"
        - typename: "ChangeTodoStatusPayload"
    ▿ (2 elements)
      ▿ key: DataID
        - rawValue: "client:local:2"
      ▿ value: Record
        ▿ dataID: DataID
          - rawValue: "client:local:2"
        ▿ fields: 1 key/value pair
          ▿ (2 elements)
            - key: "node"
            ▿ value: Value
              ▿ linkedRecord: DataID
                - rawValue: "VG9kbzow"
        - typename: "TodoEdge"
    ▿ (2 elements)
      ▿ key: DataID
        - rawValue: "client:local:3"
      ▿ value: Record
        ▿ dataID: DataID
          - rawValue: "client:local:3"
        ▿ fields: 1 key/value pair
          ▿ (2 elements)
            - key: "node"
            ▿ value: Value
              ▿ linkedRecord: DataID
                - rawValue: "VG9kbzox"
        - typename: "TodoEdge"
    ▿ (2 elements)
      ▿ key: DataID
        - rawValue: "client:root"
      ▿ value: Record
        ▿ dataID: DataID
          - rawValue: "client:root"
        ▿ fields: 2 key/value pairs
          ▿ (2 elements)
            - key: "changeTodoStatus(input:{clientMutationId:null,complete:true,id:\"VG9kbzox\",userId:\"me\"})"
            ▿ value: Value
              ▿ linkedRecord: DataID
                - rawValue: "client:local:1"
          ▿ (2 elements)
            - key: "user(id:\"me\")"
            ▿ value: Value
              ▿ linkedRecord: DataID
                - rawValue: "VXNlcjptZQ=="
        - typename: "__Root"
